Copyright 1986-2020 Xilinx, Inc. All Rights Reserved.
---------------------------------------------------------------------------------------
| Tool Version : Vivado v.2020.2 (win64) Build 3064766 Wed Nov 18 09:12:45 MST 2020
| Date         : Tue Sep  1 21:38:15 2026
| Host         : DESKTOP-7CFQ9ND running 64-bit major release  (build 9200)
| Command      : report_control_sets -verbose -file video_path_control_sets_placed.rpt
| Design       : video_path
| Device       : xc7a35t
---------------------------------------------------------------------------------------

Control Set Information

Table of Contents
-----------------
1. Summary
2. Histogram
3. Flip-Flop Distribution
4. Detailed Control Set Information

1. Summary
----------

+----------------------------------------------------------+-------+
|                          Status                          | Count |
+----------------------------------------------------------+-------+
| Total control sets                                       |    21 |
|    Minimum number of control sets                        |    21 |
|    Addition due to synthesis replication                 |     0 |
|    Addition due to physical synthesis replication        |     0 |
| Unused register locations in slices containing registers |    87 |
+----------------------------------------------------------+-------+
* Control sets can be merged at opt_design using control_set_merge or merge_equivalent_drivers
** Run report_qor_suggestions for automated merging and remapping suggestions


2. Histogram
------------

+--------------------+-------+
|       Fanout       | Count |
+--------------------+-------+
| Total control sets |    21 |
| >= 0 to < 4        |     5 |
| >= 4 to < 6        |     1 |
| >= 6 to < 8        |     2 |
| >= 8 to < 10       |     2 |
| >= 10 to < 12      |     2 |
| >= 12 to < 14      |     1 |
| >= 14 to < 16      |     0 |
| >= 16              |     8 |
+--------------------+-------+
* Control sets can be remapped at either synth_design or opt_design


3. Flip-Flop Distribution
-------------------------

+--------------+-----------------------+------------------------+-----------------+--------------+
| Clock Enable | Synchronous Set/Reset | Asynchronous Set/Reset | Total Registers | Total Slices |
+--------------+-----------------------+------------------------+-----------------+--------------+
| No           | No                    | No                     |               4 |            4 |
| No           | No                    | Yes                    |             321 |           91 |
| No           | Yes                   | No                     |               0 |            0 |
| Yes          | No                    | No                     |              77 |           61 |
| Yes          | No                    | Yes                    |            4551 |          998 |
| Yes          | Yes                   | No                     |               0 |            0 |
+--------------+-----------------------+------------------------+-----------------+--------------+


4. Detailed Control Set Information
-----------------------------------

+-----------------+-----------------------------------------------------------------------------+---------------------------------+------------------+----------------+--------------+
|   Clock Signal  |                                Enable Signal                                |         Set/Reset Signal        | Slice Load Count | Bel Load Count | Bels / Slice |
+-----------------+-----------------------------------------------------------------------------+---------------------------------+------------------+----------------+--------------+
|  clk_IBUF_BUFG  | U_VGA_CAM/U_SCCB_SETUP_CNTL/U_I2C_MASTER/scl_i_1_n_0                        | U_GAUSS_FILTER/U_PCLK_GEN/rst_n |                1 |              1 |         1.00 |
|  clk_IBUF_BUFG  | U_VGA_CAM/U_SCCB_SETUP_CNTL/U_OV7670_SETUP_CNTL/setup_error_i_1_n_0         | U_GAUSS_FILTER/U_PCLK_GEN/rst_n |                1 |              1 |         1.00 |
|  clk_IBUF_BUFG  | U_VGA_CAM/U_SCCB_SETUP_CNTL/U_OV7670_SETUP_CNTL/setup_busy_i_1_n_0          | U_GAUSS_FILTER/U_PCLK_GEN/rst_n |                1 |              1 |         1.00 |
|  clk_IBUF_BUFG  | U_VGA_CAM/U_SCCB_SETUP_CNTL/U_OV7670_SETUP_CNTL/setup_done_i_1_n_0          | U_GAUSS_FILTER/U_PCLK_GEN/rst_n |                1 |              1 |         1.00 |
|  pclk_IBUF_BUFG |                                                                             | U_GAUSS_FILTER/U_PCLK_GEN/rst_n |                2 |              2 |         1.00 |
|  clk_IBUF_BUFG  | U_VGA_CAM/U_SCCB_SETUP_CNTL/U_I2C_MASTER/FSM_sequential_state[3]_i_1_n_0    | U_GAUSS_FILTER/U_PCLK_GEN/rst_n |                1 |              4 |         4.00 |
|  clk_IBUF_BUFG  |                                                                             |                                 |                4 |              6 |         1.50 |
|  pclk_IBUF_BUFG | U_VGA_CAM/U_MEM_CNTL/byteSel1_out                                           | U_GAUSS_FILTER/U_PCLK_GEN/rst_n |                1 |              7 |         7.00 |
|  clk_IBUF_BUFG  | U_VGA_CAM/U_SCCB_SETUP_CNTL/U_I2C_MASTER/tx_shift_r[7]_i_1_n_0              | U_GAUSS_FILTER/U_PCLK_GEN/rst_n |                2 |              8 |         4.00 |
|  clk_IBUF_BUFG  | U_VGA_CAM/U_SCCB_SETUP_CNTL/U_OV7670_SETUP_CNTL/FSM_onehot_state[7]_i_1_n_0 | U_GAUSS_FILTER/U_PCLK_GEN/rst_n |                1 |              8 |         8.00 |
|  clk_IBUF_BUFG  | U_VGA_CAM/U_VGA_DEC/U_PCLK_GEN/E[0]                                         | U_GAUSS_FILTER/U_PCLK_GEN/rst_n |                5 |             10 |         2.00 |
|  clk_IBUF_BUFG  | U_VGA_CAM/U_VGA_DEC/U_PCLK_GEN/pclk_reg_0[0]                                | U_GAUSS_FILTER/U_PCLK_GEN/rst_n |                4 |             10 |         2.50 |
|  pclk_IBUF_BUFG | U_VGA_CAM/U_MEM_CNTL/we_i_1_n_0                                             | U_GAUSS_FILTER/U_PCLK_GEN/rst_n |                5 |             12 |         2.40 |
|  clk_IBUF_BUFG  | U_VGA_CAM/U_SCCB_SETUP_CNTL/U_I2C_MASTER/dev_addr_r_0                       | U_GAUSS_FILTER/U_PCLK_GEN/rst_n |                6 |             17 |         2.83 |
|  clk_IBUF_BUFG  | U_VGA_CAM/U_SCCB_SETUP_CNTL/U_OV7670_SETUP_CNTL/config_idx                  | U_GAUSS_FILTER/U_PCLK_GEN/rst_n |                6 |             21 |         3.50 |
|  clk_IBUF_BUFG  | U_VGA_CAM/U_SCCB_SETUP_CNTL/U_OV7670_SETUP_CNTL/delay_cnt_0                 | U_GAUSS_FILTER/U_PCLK_GEN/rst_n |                5 |             22 |         4.40 |
|  clk_IBUF_BUFG  | U_VGA_CAM/powerup_cnt[0]_i_1_n_0                                            | U_GAUSS_FILTER/U_PCLK_GEN/rst_n |                6 |             23 |         3.83 |
|  pclk_IBUF_BUFG | U_VGA_CAM/U_MEM_CNTL/wAddr[0]_i_1_n_0                                       | U_GAUSS_FILTER/U_PCLK_GEN/rst_n |               14 |             36 |         2.57 |
|  clk_IBUF_BUFG  |                                                                             | U_GAUSS_FILTER/U_PCLK_GEN/rst_n |               89 |            319 |         3.58 |
|  clk_IBUF_BUFG  | U_GAUSS_FILTER/U_PCLK_GEN/pclk                                              |                                 |              398 |           1542 |         3.87 |
|  clk_IBUF_BUFG  | U_GAUSS_FILTER/U_PCLK_GEN/pclk                                              | U_GAUSS_FILTER/U_PCLK_GEN/rst_n |              938 |           4369 |         4.66 |
+-----------------+-----------------------------------------------------------------------------+---------------------------------+------------------+----------------+--------------+


