
*** Running vivado
    with args -log video_path.vds -m64 -product Vivado -mode batch -messageDb vivado.pb -notrace -source video_path.tcl



****** Vivado v2020.2 (64-bit)
  **** SW Build 3064766 on Wed Nov 18 09:12:45 MST 2020
  **** IP Build 3064653 on Wed Nov 18 14:17:31 MST 2020
    ** Copyright 1986-2020 Xilinx, Inc. All Rights Reserved.

source video_path.tcl -notrace
Command: synth_design -top video_path -part xc7a35tcpg236-1
Starting synth_design
Attempting to get a license for feature 'Synthesis' and/or device 'xc7a35t'
INFO: [Common 17-349] Got license for feature 'Synthesis' and/or device 'xc7a35t'
INFO: [Device 21-403] Loading part xc7a35tcpg236-1
INFO: [Synth 8-7079] Multithreading enabled for synth_design using a maximum of 2 processes.
INFO: [Synth 8-7078] Launching helper process for spawning children vivado processes
INFO: [Synth 8-7075] Helper process launched with PID 23104
---------------------------------------------------------------------------------
Starting RTL Elaboration : Time (s): cpu = 00:00:02 ; elapsed = 00:00:02 . Memory (MB): peak = 1106.004 ; gain = 0.000
---------------------------------------------------------------------------------
INFO: [Synth 8-6157] synthesizing module 'video_path' [D:/OndeviceAI/0902_Video_Datapath/0902_Video_Datapath.srcs/sources_1/new/video_path.sv:18]
INFO: [Synth 8-6157] synthesizing module 'vga_cam' [D:/OndeviceAI/0902_Video_Datapath/0902_Video_Datapath.srcs/sources_1/new/vga_cam.sv:17]
	Parameter CLK_FREQ_HZ bound to: 100000000 - type: integer 
	Parameter I2C_FREQ_HZ bound to: 100000 - type: integer 
	Parameter POWERUP_DELAY_MS bound to: 50 - type: integer 
	Parameter IMG_W bound to: 320 - type: integer 
	Parameter IMG_H bound to: 240 - type: integer 
	Parameter DW bound to: 16 - type: integer 
	Parameter AW bound to: 17 - type: integer 
	Parameter POWERUP_DELAY_CYCLES bound to: 5000000 - type: integer 
	Parameter POWERUP_CNT_WIDTH bound to: 23 - type: integer 
INFO: [Synth 8-6157] synthesizing module 'pclk_gen' [D:/OndeviceAI/0902_Video_Datapath/0902_Video_Datapath.srcs/sources_1/new/pclk_gen.sv:3]
INFO: [Synth 8-6155] done synthesizing module 'pclk_gen' (1#1) [D:/OndeviceAI/0902_Video_Datapath/0902_Video_Datapath.srcs/sources_1/new/pclk_gen.sv:3]
INFO: [Synth 8-6157] synthesizing module 'SCCB_setup_CNTL' [D:/OndeviceAI/0902_Video_Datapath/0902_Video_Datapath.srcs/sources_1/new/SCCB_setup_CNTL.sv:3]
	Parameter CLK_FREQ_HZ bound to: 100000000 - type: integer 
	Parameter I2C_FREQ_HZ bound to: 100000 - type: integer 
INFO: [Synth 8-6157] synthesizing module 'OV7670_setup_CNTL' [D:/OndeviceAI/0902_Video_Datapath/0902_Video_Datapath.srcs/sources_1/new/OV7670_setup_FSM.sv:3]
	Parameter CLK_FREQ_HZ bound to: 100000000 - type: integer 
	Parameter OV7670_DEV_ADDR bound to: 8'b01000010 
	Parameter NUM_CONFIG bound to: 67 - type: integer 
	Parameter CONFIG_IDX_WIDTH bound to: 7 - type: integer 
	Parameter RESET_DELAY_CYCLES bound to: 3000000 - type: integer 
	Parameter DELAY_CNT_WIDTH bound to: 22 - type: integer 
INFO: [Synth 8-226] default block is never used [D:/OndeviceAI/0902_Video_Datapath/0902_Video_Datapath.srcs/sources_1/new/OV7670_setup_FSM.sv:207]
INFO: [Synth 8-6155] done synthesizing module 'OV7670_setup_CNTL' (2#1) [D:/OndeviceAI/0902_Video_Datapath/0902_Video_Datapath.srcs/sources_1/new/OV7670_setup_FSM.sv:3]
INFO: [Synth 8-6157] synthesizing module 'I2C_master' [D:/OndeviceAI/0902_Video_Datapath/0902_Video_Datapath.srcs/sources_1/new/I2C_master.sv:3]
	Parameter CLK_FREQ_HZ bound to: 100000000 - type: integer 
	Parameter I2C_FREQ_HZ bound to: 100000 - type: integer 
	Parameter TICK_DIV_CALC bound to: 250 - type: integer 
	Parameter TICK_DIV bound to: 250 - type: integer 
	Parameter CLK_CNT_WIDTH bound to: 8 - type: integer 
INFO: [Synth 8-6155] done synthesizing module 'I2C_master' (3#1) [D:/OndeviceAI/0902_Video_Datapath/0902_Video_Datapath.srcs/sources_1/new/I2C_master.sv:3]
INFO: [Synth 8-6155] done synthesizing module 'SCCB_setup_CNTL' (4#1) [D:/OndeviceAI/0902_Video_Datapath/0902_Video_Datapath.srcs/sources_1/new/SCCB_setup_CNTL.sv:3]
INFO: [Synth 8-6157] synthesizing module 'OV7670_MemCNTL' [D:/OndeviceAI/0902_Video_Datapath/0902_Video_Datapath.srcs/sources_1/new/OV7670_MemCNTL.sv:3]
	Parameter IMG_W bound to: 320 - type: integer 
	Parameter IMG_H bound to: 240 - type: integer 
	Parameter DW bound to: 16 - type: integer 
	Parameter AW bound to: 17 - type: integer 
INFO: [Synth 8-6155] done synthesizing module 'OV7670_MemCNTL' (5#1) [D:/OndeviceAI/0902_Video_Datapath/0902_Video_Datapath.srcs/sources_1/new/OV7670_MemCNTL.sv:3]
INFO: [Synth 8-6157] synthesizing module 'framebuffer' [D:/OndeviceAI/0902_Video_Datapath/0902_Video_Datapath.srcs/sources_1/new/framebuffer.sv:4]
	Parameter IMG_W bound to: 320 - type: integer 
	Parameter IMG_H bound to: 240 - type: integer 
	Parameter DW bound to: 16 - type: integer 
	Parameter AW bound to: 17 - type: integer 
INFO: [Synth 8-6155] done synthesizing module 'framebuffer' (6#1) [D:/OndeviceAI/0902_Video_Datapath/0902_Video_Datapath.srcs/sources_1/new/framebuffer.sv:4]
INFO: [Synth 8-6157] synthesizing module 'VGA_Decoder' [D:/OndeviceAI/0902_Video_Datapath/0902_Video_Datapath.srcs/sources_1/new/vga_decoder.sv:3]
INFO: [Synth 8-6157] synthesizing module 'pixel_counter' [D:/OndeviceAI/0902_Video_Datapath/0902_Video_Datapath.srcs/sources_1/new/pixel_counter.sv:4]
	Parameter H_MAX bound to: 800 - type: integer 
	Parameter V_MAX bound to: 525 - type: integer 
INFO: [Synth 8-6155] done synthesizing module 'pixel_counter' (7#1) [D:/OndeviceAI/0902_Video_Datapath/0902_Video_Datapath.srcs/sources_1/new/pixel_counter.sv:4]
INFO: [Synth 8-6157] synthesizing module 'vga_decoder' [D:/OndeviceAI/0902_Video_Datapath/0902_Video_Datapath.srcs/sources_1/new/vga_decoder.sv:43]
	Parameter H_Visible_area bound to: 640 - type: integer 
	Parameter H_Front_porch bound to: 16 - type: integer 
	Parameter H_Sync_pulse bound to: 96 - type: integer 
	Parameter H_Back_porch bound to: 48 - type: integer 
	Parameter H_Whole_line bound to: 800 - type: integer 
	Parameter V_Visible_area bound to: 480 - type: integer 
	Parameter V_Front_porch bound to: 10 - type: integer 
	Parameter V_Sync_pulse bound to: 2 - type: integer 
	Parameter V_Back_porch bound to: 33 - type: integer 
	Parameter V_Whole_frame bound to: 525 - type: integer 
INFO: [Synth 8-6155] done synthesizing module 'vga_decoder' (8#1) [D:/OndeviceAI/0902_Video_Datapath/0902_Video_Datapath.srcs/sources_1/new/vga_decoder.sv:43]
INFO: [Synth 8-6155] done synthesizing module 'VGA_Decoder' (9#1) [D:/OndeviceAI/0902_Video_Datapath/0902_Video_Datapath.srcs/sources_1/new/vga_decoder.sv:3]
INFO: [Synth 8-6157] synthesizing module 'rom_reader_upscale' [D:/OndeviceAI/0902_Video_Datapath/0902_Video_Datapath.srcs/sources_1/new/rom_reader_upscale.sv:4]
INFO: [Synth 8-6155] done synthesizing module 'rom_reader_upscale' (10#1) [D:/OndeviceAI/0902_Video_Datapath/0902_Video_Datapath.srcs/sources_1/new/rom_reader_upscale.sv:4]
INFO: [Synth 8-6155] done synthesizing module 'vga_cam' (11#1) [D:/OndeviceAI/0902_Video_Datapath/0902_Video_Datapath.srcs/sources_1/new/vga_cam.sv:17]
INFO: [Synth 8-6157] synthesizing module 'gauss_filter_pipe' [D:/OndeviceAI/0902_Video_Datapath/0902_Video_Datapath.srcs/sources_1/new/gaussian_filter.sv:10]
	Parameter IMG_WIDTH bound to: 32'sb00000000000000000000001100100000 
	Parameter WEIGHT_SUM bound to: 32'sb00000000000000000000000000011001 
	Parameter LATENCY bound to: 32'sb00000000000000000000110010001000 
INFO: [Synth 8-6155] done synthesizing module 'gauss_filter_pipe' (12#1) [D:/OndeviceAI/0902_Video_Datapath/0902_Video_Datapath.srcs/sources_1/new/gaussian_filter.sv:10]
INFO: [Synth 8-6157] synthesizing module 'filter_control' [D:/OndeviceAI/0902_Video_Datapath/0902_Video_Datapath.srcs/sources_1/new/filter_control.sv:17]
INFO: [Synth 8-6155] done synthesizing module 'filter_control' (13#1) [D:/OndeviceAI/0902_Video_Datapath/0902_Video_Datapath.srcs/sources_1/new/filter_control.sv:17]
INFO: [Synth 8-6157] synthesizing module 'filter_apply' [D:/OndeviceAI/0902_Video_Datapath/0902_Video_Datapath.srcs/sources_1/new/filter_apply.sv:8]
INFO: [Synth 8-6157] synthesizing module 'pink_filter_pipe' [D:/OndeviceAI/0902_Video_Datapath/0902_Video_Datapath.srcs/sources_1/new/pink_filter.sv:3]
	Parameter LATENCY bound to: 2 - type: integer 
INFO: [Synth 8-6155] done synthesizing module 'pink_filter_pipe' (14#1) [D:/OndeviceAI/0902_Video_Datapath/0902_Video_Datapath.srcs/sources_1/new/pink_filter.sv:3]
INFO: [Synth 8-6157] synthesizing module 'orange_filter_pipe' [D:/OndeviceAI/0902_Video_Datapath/0902_Video_Datapath.srcs/sources_1/new/orange_filter.sv:3]
	Parameter LATENCY bound to: 2 - type: integer 
INFO: [Synth 8-6155] done synthesizing module 'orange_filter_pipe' (15#1) [D:/OndeviceAI/0902_Video_Datapath/0902_Video_Datapath.srcs/sources_1/new/orange_filter.sv:3]
INFO: [Synth 8-6157] synthesizing module 'blue_filter_pipe' [D:/OndeviceAI/0902_Video_Datapath/0902_Video_Datapath.srcs/sources_1/new/blue_filter.sv:3]
	Parameter LATENCY bound to: 2 - type: integer 
INFO: [Synth 8-6155] done synthesizing module 'blue_filter_pipe' (16#1) [D:/OndeviceAI/0902_Video_Datapath/0902_Video_Datapath.srcs/sources_1/new/blue_filter.sv:3]
INFO: [Synth 8-6157] synthesizing module 'gray_filter_pipe' [D:/OndeviceAI/0902_Video_Datapath/0902_Video_Datapath.srcs/sources_1/new/gray_filter.sv:13]
	Parameter LATENCY bound to: 2 - type: integer 
INFO: [Synth 8-6155] done synthesizing module 'gray_filter_pipe' (17#1) [D:/OndeviceAI/0902_Video_Datapath/0902_Video_Datapath.srcs/sources_1/new/gray_filter.sv:13]
INFO: [Synth 8-6157] synthesizing module 'gamma_filter_pipe' [D:/OndeviceAI/0902_Video_Datapath/0902_Video_Datapath.srcs/sources_1/new/gamma_filter.sv:6]
	Parameter LUT_G03 bound to: 64'b0000011110001001101010111011110011001101110111101110111011111111 
	Parameter LUT_G07 bound to: 64'b0000001001000101011001111000100110101010101111001101111011101111 
INFO: [Synth 8-6155] done synthesizing module 'gamma_filter_pipe' (18#1) [D:/OndeviceAI/0902_Video_Datapath/0902_Video_Datapath.srcs/sources_1/new/gamma_filter.sv:6]
INFO: [Synth 8-6157] synthesizing module 'night_filter_pipe' [D:/OndeviceAI/0902_Video_Datapath/0902_Video_Datapath.srcs/sources_1/new/night_filter.sv:5]
	Parameter LATENCY bound to: 2 - type: integer 
	Parameter LUT_BOOST bound to: 64'b0000010001010111100010011001101010111100110011011101111011101111 
INFO: [Synth 8-6155] done synthesizing module 'night_filter_pipe' (19#1) [D:/OndeviceAI/0902_Video_Datapath/0902_Video_Datapath.srcs/sources_1/new/night_filter.sv:5]
INFO: [Synth 8-6155] done synthesizing module 'filter_apply' (20#1) [D:/OndeviceAI/0902_Video_Datapath/0902_Video_Datapath.srcs/sources_1/new/filter_apply.sv:8]
INFO: [Synth 8-6155] done synthesizing module 'video_path' (21#1) [D:/OndeviceAI/0902_Video_Datapath/0902_Video_Datapath.srcs/sources_1/new/video_path.sv:18]
---------------------------------------------------------------------------------
Finished RTL Elaboration : Time (s): cpu = 00:00:05 ; elapsed = 00:00:06 . Memory (MB): peak = 1167.051 ; gain = 61.047
---------------------------------------------------------------------------------
---------------------------------------------------------------------------------
Start Handling Custom Attributes
---------------------------------------------------------------------------------
---------------------------------------------------------------------------------
Finished Handling Custom Attributes : Time (s): cpu = 00:00:06 ; elapsed = 00:00:07 . Memory (MB): peak = 1167.215 ; gain = 61.211
---------------------------------------------------------------------------------
---------------------------------------------------------------------------------
Finished RTL Optimization Phase 1 : Time (s): cpu = 00:00:06 ; elapsed = 00:00:07 . Memory (MB): peak = 1167.215 ; gain = 61.211
---------------------------------------------------------------------------------
Netlist sorting complete. Time (s): cpu = 00:00:00 ; elapsed = 00:00:00.323 . Memory (MB): peak = 1167.215 ; gain = 0.000
INFO: [Project 1-570] Preparing netlist for logic optimization

Processing XDC Constraints
Initializing timing engine
Parsing XDC File [D:/OndeviceAI/0902_Video_Datapath/0902_Video_Datapath.srcs/constrs_1/imports/OndeviceAI2/Basys-3-Master.xdc]
Finished Parsing XDC File [D:/OndeviceAI/0902_Video_Datapath/0902_Video_Datapath.srcs/constrs_1/imports/OndeviceAI2/Basys-3-Master.xdc]
INFO: [Project 1-236] Implementation specific constraints were found while reading constraint file [D:/OndeviceAI/0902_Video_Datapath/0902_Video_Datapath.srcs/constrs_1/imports/OndeviceAI2/Basys-3-Master.xdc]. These constraints will be ignored for synthesis but will be used in implementation. Impacted constraints are listed in the file [.Xil/video_path_propImpl.xdc].
Resolution: To avoid this warning, move constraints listed in [.Xil/video_path_propImpl.xdc] to another XDC file and exclude this new file from synthesis with the used_in_synthesis property (File Properties dialog in GUI) and re-run elaboration/synthesis.
Completed Processing XDC Constraints

Netlist sorting complete. Time (s): cpu = 00:00:00 ; elapsed = 00:00:00.006 . Memory (MB): peak = 1334.824 ; gain = 0.000
INFO: [Project 1-111] Unisim Transformation Summary:
No Unisim elements were transformed.

Constraint Validation Runtime : Time (s): cpu = 00:00:00 ; elapsed = 00:00:00.170 . Memory (MB): peak = 1334.824 ; gain = 0.000
---------------------------------------------------------------------------------
Finished Constraint Validation : Time (s): cpu = 00:00:13 ; elapsed = 00:00:14 . Memory (MB): peak = 1334.824 ; gain = 228.820
---------------------------------------------------------------------------------
---------------------------------------------------------------------------------
Start Loading Part and Timing Information
---------------------------------------------------------------------------------
Loading part: xc7a35tcpg236-1
---------------------------------------------------------------------------------
Finished Loading Part and Timing Information : Time (s): cpu = 00:00:13 ; elapsed = 00:00:14 . Memory (MB): peak = 1334.824 ; gain = 228.820
---------------------------------------------------------------------------------
---------------------------------------------------------------------------------
Start Applying 'set_property' XDC Constraints
---------------------------------------------------------------------------------
---------------------------------------------------------------------------------
Finished applying 'set_property' XDC Constraints : Time (s): cpu = 00:00:13 ; elapsed = 00:00:14 . Memory (MB): peak = 1334.824 ; gain = 228.820
---------------------------------------------------------------------------------
INFO: [Synth 8-802] inferred FSM for state register 'state_reg' in module 'OV7670_setup_CNTL'
INFO: [Synth 8-802] inferred FSM for state register 'state_reg' in module 'I2C_master'
---------------------------------------------------------------------------------------------------
                   State |                     New Encoding |                Previous Encoding 
---------------------------------------------------------------------------------------------------
                    IDLE |                         00000001 |                              000
                    LOAD |                         00000010 |                              001
                    SEND |                         00000100 |                              010
                    WAIT |                         00001000 |                              011
                   ERROR |                         00010000 |                              111
                   DELAY |                         00100000 |                              100
                    NEXT |                         01000000 |                              101
                  FINISH |                         10000000 |                              110
---------------------------------------------------------------------------------------------------
INFO: [Synth 8-3354] encoded FSM with state register 'state_reg' using encoding 'one-hot' in module 'OV7670_setup_CNTL'
---------------------------------------------------------------------------------------------------
                   State |                     New Encoding |                Previous Encoding 
---------------------------------------------------------------------------------------------------
                    IDLE |                             0000 |                             0000
                   START |                             0001 |                             0001
                DEV_ADDR |                             0010 |                             0010
                 DEV_ACK |                             0011 |                             0011
                REG_ADDR |                             0100 |                             0100
                 REG_ACK |                             0101 |                             0101
                REG_DATA |                             0110 |                             0110
                DATA_ACK |                             0111 |                             0111
                    STOP |                             1000 |                             1000
                    DONE |                             1001 |                             1001
---------------------------------------------------------------------------------------------------
INFO: [Synth 8-3354] encoded FSM with state register 'state_reg' using encoding 'sequential' in module 'I2C_master'
---------------------------------------------------------------------------------
Finished RTL Optimization Phase 2 : Time (s): cpu = 00:00:21 ; elapsed = 00:00:22 . Memory (MB): peak = 1334.824 ; gain = 228.820
---------------------------------------------------------------------------------
---------------------------------------------------------------------------------
Start RTL Component Statistics 
---------------------------------------------------------------------------------
Detailed RTL Component Info : 
+---Adders : 
	   2 Input   22 Bit       Adders := 1     
	   3 Input   12 Bit       Adders := 5     
	   2 Input   10 Bit       Adders := 2     
	  25 Input    9 Bit       Adders := 3     
	   2 Input    8 Bit       Adders := 1     
	   2 Input    7 Bit       Adders := 1     
	   3 Input    4 Bit       Adders := 4     
	   2 Input    3 Bit       Adders := 2     
	   2 Input    2 Bit       Adders := 4     
+---Registers : 
	             3208 Bit    Registers := 2     
	               22 Bit    Registers := 1     
	               20 Bit    Registers := 3     
	               16 Bit    Registers := 2     
	               12 Bit    Registers := 3233  
	               10 Bit    Registers := 2     
	                8 Bit    Registers := 6     
	                7 Bit    Registers := 3     
	                3 Bit    Registers := 2     
	                2 Bit    Registers := 15    
	                1 Bit    Registers := 24    
+---RAMs : 
	            1200K Bit	(76800 X 16 bit)          RAMs := 1     
+---Muxes : 
	   2 Input   22 Bit        Muxes := 1     
	   8 Input   22 Bit        Muxes := 1     
	   2 Input   17 Bit        Muxes := 1     
	   2 Input   12 Bit        Muxes := 8     
	   8 Input    8 Bit        Muxes := 1     
	   2 Input    8 Bit        Muxes := 4     
	  10 Input    8 Bit        Muxes := 2     
	   8 Input    7 Bit        Muxes := 1     
	   2 Input    4 Bit        Muxes := 3     
	  10 Input    4 Bit        Muxes := 1     
	  32 Input    4 Bit        Muxes := 3     
	   2 Input    3 Bit        Muxes := 2     
	  10 Input    3 Bit        Muxes := 1     
	   2 Input    2 Bit        Muxes := 4     
	   4 Input    2 Bit        Muxes := 2     
	  10 Input    2 Bit        Muxes := 1     
	   2 Input    1 Bit        Muxes := 9     
	   8 Input    1 Bit        Muxes := 9     
	   4 Input    1 Bit        Muxes := 7     
	   5 Input    1 Bit        Muxes := 1     
	  10 Input    1 Bit        Muxes := 14    
---------------------------------------------------------------------------------
Finished RTL Component Statistics 
---------------------------------------------------------------------------------
---------------------------------------------------------------------------------
Start Part Resource Summary
---------------------------------------------------------------------------------
Part Resources:
DSPs: 90 (col length:60)
BRAMs: 100 (col length: RAMB18 60 RAMB36 30)
---------------------------------------------------------------------------------
Finished Part Resource Summary
---------------------------------------------------------------------------------
---------------------------------------------------------------------------------
Start Cross Boundary and Area Optimization
---------------------------------------------------------------------------------
---------------------------------------------------------------------------------
Finished Cross Boundary and Area Optimization : Time (s): cpu = 00:00:38 ; elapsed = 00:00:39 . Memory (MB): peak = 1334.824 ; gain = 228.820
---------------------------------------------------------------------------------
---------------------------------------------------------------------------------
Start ROM, RAM, DSP, Shift Register and Retiming Reporting
---------------------------------------------------------------------------------

ROM: Preliminary Mapping	Report
+------------------+----------------------------------------------------------+---------------+----------------+
|Module Name       | RTL Object                                               | Depth x Width | Implemented As | 
+------------------+----------------------------------------------------------+---------------+----------------+
|OV7670_setup_CNTL | reg_addr                                                 | 128x8         | LUT            | 
|OV7670_setup_CNTL | reg_data                                                 | 128x8         | LUT            | 
|video_path        | U_VGA_CAM/U_SCCB_SETUP_CNTL/U_OV7670_SETUP_CNTL/reg_addr | 128x8         | LUT            | 
|video_path        | U_VGA_CAM/U_SCCB_SETUP_CNTL/U_OV7670_SETUP_CNTL/reg_data | 128x8         | LUT            | 
+------------------+----------------------------------------------------------+---------------+----------------+


Block RAM: Preliminary Mapping	Report (see note below)
+------------+---------------------------------+------------------------+---+---+------------------------+---+---+------------------+--------+--------+
|Module Name | RTL Object                      | PORT A (Depth x Width) | W | R | PORT B (Depth x Width) | W | R | Ports driving FF | RAMB18 | RAMB36 | 
+------------+---------------------------------+------------------------+---+---+------------------------+---+---+------------------+--------+--------+
|video_path  | U_VGA_CAM/U_FRAMEBUFFER/mem_reg | 75 K x 16(NO_CHANGE)   | W |   | 75 K x 16(WRITE_FIRST) |   | R | Port A and B     | 0      | 48     | 
+------------+---------------------------------+------------------------+---+---+------------------------+---+---+------------------+--------+--------+

Note: The table above is a preliminary report that shows the Block RAMs at the current stage of the synthesis flow. Some Block RAMs may be reimplemented as non Block RAM primitives later in the synthesis flow. Multiple instantiated Block RAMs are reported only once. 
---------------------------------------------------------------------------------
Finished ROM, RAM, DSP, Shift Register and Retiming Reporting
---------------------------------------------------------------------------------
---------------------------------------------------------------------------------
Start Applying XDC Timing Constraints
---------------------------------------------------------------------------------
---------------------------------------------------------------------------------
Finished Applying XDC Timing Constraints : Time (s): cpu = 00:00:42 ; elapsed = 00:00:44 . Memory (MB): peak = 1334.824 ; gain = 228.820
---------------------------------------------------------------------------------
---------------------------------------------------------------------------------
Start Timing Optimization
---------------------------------------------------------------------------------
---------------------------------------------------------------------------------
Finished Timing Optimization : Time (s): cpu = 00:00:55 ; elapsed = 00:00:57 . Memory (MB): peak = 1401.719 ; gain = 295.715
---------------------------------------------------------------------------------
---------------------------------------------------------------------------------
Start ROM, RAM, DSP, Shift Register and Retiming Reporting
---------------------------------------------------------------------------------

Block RAM: Final Mapping	Report
+------------+---------------------------------+------------------------+---+---+------------------------+---+---+------------------+--------+--------+
|Module Name | RTL Object                      | PORT A (Depth x Width) | W | R | PORT B (Depth x Width) | W | R | Ports driving FF | RAMB18 | RAMB36 | 
+------------+---------------------------------+------------------------+---+---+------------------------+---+---+------------------+--------+--------+
|video_path  | U_VGA_CAM/U_FRAMEBUFFER/mem_reg | 75 K x 16(NO_CHANGE)   | W |   | 75 K x 16(WRITE_FIRST) |   | R | Port A and B     | 0      | 48     | 
+------------+---------------------------------+------------------------+---+---+------------------------+---+---+------------------+--------+--------+

---------------------------------------------------------------------------------
Finished ROM, RAM, DSP, Shift Register and Retiming Reporting
---------------------------------------------------------------------------------
---------------------------------------------------------------------------------
Start Technology Mapping
---------------------------------------------------------------------------------
INFO: [Synth 8-7052] The timing for the instance U_VGA_CAM/U_FRAMEBUFFER/mem_reg_1_1 (implemented as a Block RAM) might be sub-optimal as no optional output register could be merged into the ram block. Providing additional output register may help in improving timing.
INFO: [Synth 8-7052] The timing for the instance U_VGA_CAM/U_FRAMEBUFFER/mem_reg_1_2 (implemented as a Block RAM) might be sub-optimal as no optional output register could be merged into the ram block. Providing additional output register may help in improving timing.
INFO: [Synth 8-7052] The timing for the instance U_VGA_CAM/U_FRAMEBUFFER/mem_reg_1_3 (implemented as a Block RAM) might be sub-optimal as no optional output register could be merged into the ram block. Providing additional output register may help in improving timing.
INFO: [Synth 8-7052] The timing for the instance U_VGA_CAM/U_FRAMEBUFFER/mem_reg_1_4 (implemented as a Block RAM) might be sub-optimal as no optional output register could be merged into the ram block. Providing additional output register may help in improving timing.
INFO: [Synth 8-7052] The timing for the instance U_VGA_CAM/U_FRAMEBUFFER/mem_reg_1_7 (implemented as a Block RAM) might be sub-optimal as no optional output register could be merged into the ram block. Providing additional output register may help in improving timing.
INFO: [Synth 8-7052] The timing for the instance U_VGA_CAM/U_FRAMEBUFFER/mem_reg_1_8 (implemented as a Block RAM) might be sub-optimal as no optional output register could be merged into the ram block. Providing additional output register may help in improving timing.
INFO: [Synth 8-7052] The timing for the instance U_VGA_CAM/U_FRAMEBUFFER/mem_reg_1_9 (implemented as a Block RAM) might be sub-optimal as no optional output register could be merged into the ram block. Providing additional output register may help in improving timing.
INFO: [Synth 8-7052] The timing for the instance U_VGA_CAM/U_FRAMEBUFFER/mem_reg_1_10 (implemented as a Block RAM) might be sub-optimal as no optional output register could be merged into the ram block. Providing additional output register may help in improving timing.
INFO: [Synth 8-7052] The timing for the instance U_VGA_CAM/U_FRAMEBUFFER/mem_reg_1_12 (implemented as a Block RAM) might be sub-optimal as no optional output register could be merged into the ram block. Providing additional output register may help in improving timing.
INFO: [Synth 8-7052] The timing for the instance U_VGA_CAM/U_FRAMEBUFFER/mem_reg_1_13 (implemented as a Block RAM) might be sub-optimal as no optional output register could be merged into the ram block. Providing additional output register may help in improving timing.
INFO: [Synth 8-7052] The timing for the instance U_VGA_CAM/U_FRAMEBUFFER/mem_reg_1_14 (implemented as a Block RAM) might be sub-optimal as no optional output register could be merged into the ram block. Providing additional output register may help in improving timing.
INFO: [Synth 8-7052] The timing for the instance U_VGA_CAM/U_FRAMEBUFFER/mem_reg_1_15 (implemented as a Block RAM) might be sub-optimal as no optional output register could be merged into the ram block. Providing additional output register may help in improving timing.
INFO: [Synth 8-7052] The timing for the instance U_VGA_CAM/U_FRAMEBUFFER/mem_reg_1_1__0 (implemented as a Block RAM) might be sub-optimal as no optional output register could be merged into the ram block. Providing additional output register may help in improving timing.
INFO: [Synth 8-7052] The timing for the instance U_VGA_CAM/U_FRAMEBUFFER/mem_reg_1_2__0 (implemented as a Block RAM) might be sub-optimal as no optional output register could be merged into the ram block. Providing additional output register may help in improving timing.
INFO: [Synth 8-7052] The timing for the instance U_VGA_CAM/U_FRAMEBUFFER/mem_reg_1_3__0 (implemented as a Block RAM) might be sub-optimal as no optional output register could be merged into the ram block. Providing additional output register may help in improving timing.
INFO: [Synth 8-7052] The timing for the instance U_VGA_CAM/U_FRAMEBUFFER/mem_reg_1_4__0 (implemented as a Block RAM) might be sub-optimal as no optional output register could be merged into the ram block. Providing additional output register may help in improving timing.
INFO: [Synth 8-7052] The timing for the instance U_VGA_CAM/U_FRAMEBUFFER/mem_reg_1_7__0 (implemented as a Block RAM) might be sub-optimal as no optional output register could be merged into the ram block. Providing additional output register may help in improving timing.
INFO: [Synth 8-7052] The timing for the instance U_VGA_CAM/U_FRAMEBUFFER/mem_reg_1_8__0 (implemented as a Block RAM) might be sub-optimal as no optional output register could be merged into the ram block. Providing additional output register may help in improving timing.
INFO: [Synth 8-7052] The timing for the instance U_VGA_CAM/U_FRAMEBUFFER/mem_reg_1_9__0 (implemented as a Block RAM) might be sub-optimal as no optional output register could be merged into the ram block. Providing additional output register may help in improving timing.
INFO: [Synth 8-7052] The timing for the instance U_VGA_CAM/U_FRAMEBUFFER/mem_reg_1_10__0 (implemented as a Block RAM) might be sub-optimal as no optional output register could be merged into the ram block. Providing additional output register may help in improving timing.
INFO: [Synth 8-7052] The timing for the instance U_VGA_CAM/U_FRAMEBUFFER/mem_reg_1_12__0 (implemented as a Block RAM) might be sub-optimal as no optional output register could be merged into the ram block. Providing additional output register may help in improving timing.
INFO: [Synth 8-7052] The timing for the instance U_VGA_CAM/U_FRAMEBUFFER/mem_reg_1_13__0 (implemented as a Block RAM) might be sub-optimal as no optional output register could be merged into the ram block. Providing additional output register may help in improving timing.
INFO: [Synth 8-7052] The timing for the instance U_VGA_CAM/U_FRAMEBUFFER/mem_reg_1_14__0 (implemented as a Block RAM) might be sub-optimal as no optional output register could be merged into the ram block. Providing additional output register may help in improving timing.
INFO: [Synth 8-7052] The timing for the instance U_VGA_CAM/U_FRAMEBUFFER/mem_reg_1_15__0 (implemented as a Block RAM) might be sub-optimal as no optional output register could be merged into the ram block. Providing additional output register may help in improving timing.
---------------------------------------------------------------------------------
Finished Technology Mapping : Time (s): cpu = 00:00:59 ; elapsed = 00:01:01 . Memory (MB): peak = 1401.719 ; gain = 295.715
---------------------------------------------------------------------------------
---------------------------------------------------------------------------------
Start IO Insertion
---------------------------------------------------------------------------------
---------------------------------------------------------------------------------
Start Flattening Before IO Insertion
---------------------------------------------------------------------------------
---------------------------------------------------------------------------------
Finished Flattening Before IO Insertion
---------------------------------------------------------------------------------
---------------------------------------------------------------------------------
Start Final Netlist Cleanup
---------------------------------------------------------------------------------
---------------------------------------------------------------------------------
Finished Final Netlist Cleanup
---------------------------------------------------------------------------------
---------------------------------------------------------------------------------
Finished IO Insertion : Time (s): cpu = 00:01:01 ; elapsed = 00:01:03 . Memory (MB): peak = 1402.035 ; gain = 296.031
---------------------------------------------------------------------------------
---------------------------------------------------------------------------------
Start Renaming Generated Instances
---------------------------------------------------------------------------------
---------------------------------------------------------------------------------
Finished Renaming Generated Instances : Time (s): cpu = 00:01:01 ; elapsed = 00:01:03 . Memory (MB): peak = 1402.035 ; gain = 296.031
---------------------------------------------------------------------------------
---------------------------------------------------------------------------------
Start Rebuilding User Hierarchy
---------------------------------------------------------------------------------
---------------------------------------------------------------------------------
Finished Rebuilding User Hierarchy : Time (s): cpu = 00:01:01 ; elapsed = 00:01:03 . Memory (MB): peak = 1402.035 ; gain = 296.031
---------------------------------------------------------------------------------
---------------------------------------------------------------------------------
Start Renaming Generated Ports
---------------------------------------------------------------------------------
---------------------------------------------------------------------------------
Finished Renaming Generated Ports : Time (s): cpu = 00:01:01 ; elapsed = 00:01:03 . Memory (MB): peak = 1402.035 ; gain = 296.031
---------------------------------------------------------------------------------
---------------------------------------------------------------------------------
Start Handling Custom Attributes
---------------------------------------------------------------------------------
---------------------------------------------------------------------------------
Finished Handling Custom Attributes : Time (s): cpu = 00:01:01 ; elapsed = 00:01:03 . Memory (MB): peak = 1402.043 ; gain = 296.039
---------------------------------------------------------------------------------
---------------------------------------------------------------------------------
Start Renaming Generated Nets
---------------------------------------------------------------------------------
---------------------------------------------------------------------------------
Finished Renaming Generated Nets : Time (s): cpu = 00:01:01 ; elapsed = 00:01:03 . Memory (MB): peak = 1402.043 ; gain = 296.039
---------------------------------------------------------------------------------
---------------------------------------------------------------------------------
Start ROM, RAM, DSP, Shift Register and Retiming Reporting
---------------------------------------------------------------------------------

Static Shift Register Report:
+-----------------------+----------------------------------------+--------+-------+--------------+--------------------+-------------------+--------+---------+
|Module Name            | RTL Name                               | Length | Width | Reset Signal | Pull out first Reg | Pull out last Reg | SRL16E | SRLC32E | 
+-----------------------+----------------------------------------+--------+-------+--------------+--------------------+-------------------+--------+---------+
|gauss_filter_pipe__GB1 | r4_c0_reg[11]                          | 796    | 12    | YES          | NO                 | YES               | 0      | 300     | 
|gauss_filter_pipe__GB1 | v_sync_d_reg[3207]                     | 3208   | 1     | YES          | NO                 | YES               | 0      | 101     | 
|gauss_filter_pipe__GB1 | h_sync_d_reg[3207]                     | 3208   | 1     | YES          | NO                 | YES               | 0      | 101     | 
|video_path_GT0         | U_GAUSS_FILTER/line_buf1_reg[738][11]  | 729    | 12    | YES          | NO                 | YES               | 0      | 276     | 
|video_path_GT0         | U_GAUSS_FILTER/r2_c0_reg[11]           | 796    | 12    | YES          | NO                 | YES               | 0      | 300     | 
|video_path_GT0         | U_GAUSS_FILTER/r3_c0_reg[11]           | 796    | 12    | YES          | NO                 | YES               | 0      | 300     | 
|video_path             | U_GAUSS_FILTER/r1_c0_reg[11]           | 63     | 12    | YES          | NO                 | YES               | 0      | 24      | 
|video_path             | U_GAUSS_FILTER/line_buf1_reg[9][11]    | 5      | 12    | YES          | NO                 | YES               | 12     | 0       | 
|video_path             | U_GAUSS_FILTER/line_buf4_reg_c_793     | 795    | 1     | YES          | NO                 | YES               | 0      | 25      | 
|video_path             | U_GAUSS_FILTER/line_buf2_reg_c_4726    | 728    | 1     | YES          | NO                 | YES               | 0      | 23      | 
|video_path             | U_GAUSS_FILTER/line_buf2_reg_c_4793    | 67     | 1     | YES          | NO                 | YES               | 0      | 3       | 
|video_path             | U_FILTER_APPLY/U_NIGHT/h_sync_d_reg[1] | 11     | 1     | YES          | NO                 | YES               | 1      | 0       | 
|video_path             | U_FILTER_APPLY/U_NIGHT/v_sync_d_reg[1] | 11     | 1     | YES          | NO                 | YES               | 1      | 0       | 
+-----------------------+----------------------------------------+--------+-------+--------------+--------------------+-------------------+--------+---------+

---------------------------------------------------------------------------------
Finished ROM, RAM, DSP, Shift Register and Retiming Reporting
---------------------------------------------------------------------------------
---------------------------------------------------------------------------------
Start Writing Synthesis Report
---------------------------------------------------------------------------------

Report BlackBoxes: 
+-+--------------+----------+
| |BlackBox name |Instances |
+-+--------------+----------+
+-+--------------+----------+

Report Cell Usage: 
+------+---------+------+
|      |Cell     |Count |
+------+---------+------+
|1     |BUFG     |     2|
|2     |CARRY4   |   192|
|3     |LUT1     |    66|
|4     |LUT2     |   369|
|5     |LUT3     |   463|
|6     |LUT4     |   272|
|7     |LUT5     |   294|
|8     |LUT6     |   384|
|9     |MUXF7    |     6|
|10    |RAMB36E1 |    36|
|13    |SRL16E   |    14|
|14    |SRLC32E  |  1453|
|15    |FDCE     |  1646|
|16    |FDPE     |  3226|
|17    |FDRE     |    81|
|18    |IBUF     |    20|
|19    |IOBUF    |     1|
|20    |OBUF     |    19|
+------+---------+------+
---------------------------------------------------------------------------------
Finished Writing Synthesis Report : Time (s): cpu = 00:01:01 ; elapsed = 00:01:03 . Memory (MB): peak = 1402.043 ; gain = 296.039
---------------------------------------------------------------------------------
Synthesis finished with 0 errors, 0 critical warnings and 0 warnings.
Synthesis Optimization Runtime : Time (s): cpu = 00:00:50 ; elapsed = 00:00:59 . Memory (MB): peak = 1402.043 ; gain = 128.430
Synthesis Optimization Complete : Time (s): cpu = 00:01:01 ; elapsed = 00:01:04 . Memory (MB): peak = 1402.043 ; gain = 296.039
INFO: [Project 1-571] Translating synthesized netlist
Netlist sorting complete. Time (s): cpu = 00:00:00 ; elapsed = 00:00:00.064 . Memory (MB): peak = 1410.320 ; gain = 0.000
INFO: [Netlist 29-17] Analyzing 235 Unisim elements for replacement
INFO: [Netlist 29-28] Unisim Transformation completed in 0 CPU seconds
WARNING: [Netlist 29-101] Netlist 'video_path' is not ideal for floorplanning, since the cellview 'gauss_filter_pipe' contains a large number of primitives.  Please consider enabling hierarchy in synthesis if you want to do floorplanning.
INFO: [Project 1-570] Preparing netlist for logic optimization
INFO: [Opt 31-138] Pushed 0 inverter(s) to 0 load pin(s).
Netlist sorting complete. Time (s): cpu = 00:00:00 ; elapsed = 00:00:00.001 . Memory (MB): peak = 1410.320 ; gain = 0.000
INFO: [Project 1-111] Unisim Transformation Summary:
  A total of 1 instances were transformed.
  IOBUF => IOBUF (IBUF, OBUFT): 1 instance 

INFO: [Common 17-83] Releasing license: Synthesis
86 Infos, 1 Warnings, 0 Critical Warnings and 0 Errors encountered.
synth_design completed successfully
synth_design: Time (s): cpu = 00:01:06 ; elapsed = 00:01:09 . Memory (MB): peak = 1410.320 ; gain = 304.316
INFO: [Common 17-1381] The checkpoint 'D:/OndeviceAI/0902_Video_Datapath/0902_Video_Datapath.runs/synth_1/video_path.dcp' has been generated.
INFO: [runtcl-4] Executing : report_utilization -file video_path_utilization_synth.rpt -pb video_path_utilization_synth.pb
INFO: [Common 17-206] Exiting Vivado at Tue Sep  1 21:37:27 2026...
